Release 12.4 - xst M.81d (lin64)
Copyright (c) 1995-2010 Xilinx, Inc.  All rights reserved.
--> 
Parameter TMPDIR set to tmpdir


Total REAL time to Xst completion: 0.00 secs
Total CPU time to Xst completion: 0.10 secs
 
--> 

TABLE OF CONTENTS
  1) Synthesis Options Summary
  2) HDL Parsing
  3) HDL Elaboration
  4) HDL Synthesis
       4.1) HDL Synthesis Report
  5) Advanced HDL Synthesis
       5.1) Advanced HDL Synthesis Report
  6) Low Level Synthesis
  7) Partition Report
  8) Design Summary
       8.1) Primitive and Black Box Usage
       8.2) Device utilization summary
       8.3) Partition Resource Summary
       8.4) Timing Report
            8.4.1) Clock Information
            8.4.2) Asynchronous Control Signals Information
            8.4.3) Timing Summary
            8.4.4) Timing Details
            8.4.5) Cross Clock Domains Report


=========================================================================
*                      Synthesis Options Summary                        *
=========================================================================
---- Source Parameters
Input File Name                    : "design.prj"

---- Target Parameters
Output File Name                   : "design.ngc"
Target Device                      : xc6slx16-3-csg324

---- Source Options
Top Module Name                    : VGA_lab

=========================================================================

WARNING:Xst:29 - Optimization Effort not specified
The following parameters have been added:
Optimization Goal                  : SPEED

=========================================================================

=========================================================================
*                          HDL Parsing                                  *
=========================================================================
Parsing VHDL file "/edu/sebca553/Documents/VGA_lab/VGA_MOTOR/VGA_lab-synthdir/xst/synth/../../../VGA_lab.vhd" into library work
Parsing entity <VGA_lab>.
Parsing architecture <Behavioral> of entity <vga_lab>.
Parsing VHDL file "/edu/sebca553/Documents/VGA_lab/VGA_MOTOR/VGA_lab-synthdir/xst/synth/../../../VGA_MOTOR.vhd" into library work
Parsing entity <VGA_MOTOR>.
Parsing architecture <Behavioral> of entity <vga_motor>.
Parsing VHDL file "/edu/sebca553/Documents/VGA_lab/VGA_MOTOR/VGA_lab-synthdir/xst/synth/../../../../PICT_MEM.vhd" into library work
Parsing entity <PICT_MEM>.
Parsing architecture <Behavioral> of entity <pict_mem>.

=========================================================================
*                            HDL Elaboration                            *
=========================================================================

Elaborating entity <VGA_lab> (architecture <Behavioral>) from library <work>.

Elaborating entity <PICT_MEM> (architecture <Behavioral>) from library <work>.

Elaborating entity <VGA_MOTOR> (architecture <Behavioral>) from library <work>.

=========================================================================
*                           HDL Synthesis                               *
=========================================================================

Synthesizing Unit <VGA_lab>.
    Related source file is "/edu/sebca553/Documents/VGA_lab/VGA_MOTOR/VGA_lab.vhd".
INFO:Xst:3010 - "/edu/sebca553/Documents/VGA_lab/VGA_MOTOR/VGA_lab.vhd" line 64: Output port <data_out1> of the instance <U1> is unconnected or connected to loadless signal.
    Summary:
	no macro.
Unit <VGA_lab> synthesized.

Synthesizing Unit <PICT_MEM>.
    Related source file is "/edu/sebca553/Documents/VGA_lab/PICT_MEM.vhd".
    Found 2048x8-bit dual-port RAM <Mram_pictMem> for signal <pictMem>.
    Found 8-bit register for signal <data_out2>.
    Found 8-bit register for signal <data_out1>.
    Summary:
	inferred   1 RAM(s).
	inferred  16 D-type flip-flop(s).
Unit <PICT_MEM> synthesized.

Synthesizing Unit <VGA_MOTOR>.
    Related source file is "/edu/sebca553/Documents/VGA_lab/VGA_MOTOR/VGA_MOTOR.vhd".
WARNING:Xst:647 - Input <data<7:5>> is never used. This port will be preserved and left unconnected if it belongs to a top-level block or it belongs to a sub-block and the hierarchy of this sub-block is preserved.
WARNING:Xst:2999 - Signal 'tileMem', unconnected in block 'VGA_MOTOR', is tied to its initial value.
    Found 2048x8-bit single-port Read Only RAM <Mram_tileMem> for signal <tileMem>.
    Found 10-bit register for signal <Xpixel>.
    Found 10-bit register for signal <Ypixel>.
    Found 8-bit register for signal <tilePixel>.
    Found 2-bit register for signal <ClkDiv>.
    Found 2-bit adder for signal <ClkDiv[1]_GND_35_o_add_0_OUT> created at line 1241.
    Found 10-bit adder for signal <Xpixel[9]_GND_35_o_add_5_OUT> created at line 1241.
    Found 10-bit adder for signal <Ypixel[9]_GND_35_o_add_13_OUT> created at line 1241.
    Found 11-bit adder for signal <addr> created at line 465.
    Found 5x4-bit multiplier for signal <PWR_6_o_Ypixel[8]_MuLt_26_OUT> created at line 465.
    Found 10-bit comparator lessequal for signal <n0009> created at line 390
    Found 10-bit comparator lessequal for signal <n0011> created at line 390
    Found 10-bit comparator lessequal for signal <n0020> created at line 431
    Found 10-bit comparator lessequal for signal <n0022> created at line 431
    Found 10-bit comparator lessequal for signal <n0025> created at line 444
    Found 10-bit comparator lessequal for signal <n0027> created at line 444
    Summary:
	inferred   1 RAM(s).
	inferred   1 Multiplier(s).
	inferred   4 Adder/Subtractor(s).
	inferred  30 D-type flip-flop(s).
	inferred   6 Comparator(s).
Unit <VGA_MOTOR> synthesized.
RTL-Simplification CPUSTAT: 0.02 
RTL-BasicInf CPUSTAT: 0.13 
RTL-BasicOpt CPUSTAT: 0.00 
RTL-Remain-Bus CPUSTAT: 0.00 

=========================================================================
HDL Synthesis Report

Macro Statistics
# RAMs                                                 : 2
 2048x8-bit dual-port RAM                              : 1
 2048x8-bit single-port Read Only RAM                  : 1
# Multipliers                                          : 1
 5x4-bit multiplier                                    : 1
# Adders/Subtractors                                   : 4
 10-bit adder                                          : 2
 11-bit adder                                          : 1
 2-bit adder                                           : 1
# Registers                                            : 6
 10-bit register                                       : 2
 2-bit register                                        : 1
 8-bit register                                        : 3
# Comparators                                          : 6
 10-bit comparator lessequal                           : 6

=========================================================================

=========================================================================
*                       Advanced HDL Synthesis                          *
=========================================================================


Synthesizing (advanced) Unit <PICT_MEM>.
INFO:Xst:3040 - The RAM <Mram_pictMem> will be implemented as a BLOCK RAM, absorbing the following register(s): <data_out1> <data_out2>
    -----------------------------------------------------------------------
    | ram_type           | Block                               |          |
    -----------------------------------------------------------------------
    | Port A                                                              |
    |     aspect ratio   | 2048-word x 8-bit                   |          |
    |     mode           | write-first                         |          |
    |     clkA           | connected to signal <clk>           | rise     |
    |     weA            | connected to signal <GND>           | high     |
    |     addrA          | connected to signal <GND>           |          |
    |     diA            | connected to signal <GND>           |          |
    |     doA            | connected to signal <data_out1>     |          |
    -----------------------------------------------------------------------
    | optimization       | speed                               |          |
    -----------------------------------------------------------------------
    | Port B                                                              |
    |     aspect ratio   | 2048-word x 8-bit                   |          |
    |     mode           | write-first                         |          |
    |     clkB           | connected to signal <clk>           | rise     |
    |     weB            | connected to signal <GND>           | high     |
    |     addrB          | connected to signal <addr2>         |          |
    |     diB            | connected to signal <GND>           |          |
    |     doB            | connected to signal <data_out2>     |          |
    -----------------------------------------------------------------------
    | optimization       | speed                               |          |
    -----------------------------------------------------------------------
Unit <PICT_MEM> synthesized (advanced).

Synthesizing (advanced) Unit <VGA_MOTOR>.
The following registers are absorbed into counter <ClkDiv>: 1 register on signal <ClkDiv>.
The following registers are absorbed into counter <Xpixel>: 1 register on signal <Xpixel>.
The following registers are absorbed into counter <Ypixel>: 1 register on signal <Ypixel>.
	Multiplier <Mmult_PWR_6_o_Ypixel[8]_MuLt_26_OUT> in block <VGA_MOTOR> and adder/subtractor <Madd_addr> in block <VGA_MOTOR> are combined into a MAC<Maddsub_PWR_6_o_Ypixel[8]_MuLt_26_OUT>.
INFO:Xst:3040 - The RAM <Mram_tileMem> will be implemented as a BLOCK RAM, absorbing the following register(s): <tilePixel>
    -----------------------------------------------------------------------
    | ram_type           | Block                               |          |
    -----------------------------------------------------------------------
    | Port A                                                              |
    |     aspect ratio   | 2048-word x 8-bit                   |          |
    |     mode           | write-first                         |          |
    |     clkA           | connected to signal <clk>           | rise     |
    |     weA            | connected to signal <GND>           | high     |
    |     addrA          | connected to signal <(data,Ypixel<4:2>,Xpixel<4:2>)> |          |
    |     diA            | connected to signal <GND>           |          |
    |     doA            | connected to signal <tilePixel>     |          |
    |     dorstA         | connected to signal <blank>         | high     |
    | reset value        | 00000000                                       |
    -----------------------------------------------------------------------
    | optimization       | speed                               |          |
    -----------------------------------------------------------------------
Unit <VGA_MOTOR> synthesized (advanced).

=========================================================================
Advanced HDL Synthesis Report

Macro Statistics
# RAMs                                                 : 2
 2048x8-bit dual-port block RAM                        : 1
 2048x8-bit single-port block Read Only RAM            : 1
# MACs                                                 : 1
 5x4-to-11-bit MAC                                     : 1
# Counters                                             : 3
 10-bit up counter                                     : 2
 2-bit up counter                                      : 1
# Comparators                                          : 6
 10-bit comparator lessequal                           : 6

=========================================================================

=========================================================================
*                         Low Level Synthesis                           *
=========================================================================

Optimizing unit <VGA_lab> ...

Optimizing unit <VGA_MOTOR> ...

Mapping all equations...
Building and optimizing final netlist ...
Found area constraint ratio of 100 (+ 0) on block VGA_lab, actual ratio is 0.

Final Macro Processing ...

=========================================================================
Final Register Report

Macro Statistics
# Registers                                            : 22
 Flip-Flops                                            : 22

=========================================================================

=========================================================================
*                           Partition Report                            *
=========================================================================

Partition Implementation Status
-------------------------------

  No Partitions were found in this design.

-------------------------------

=========================================================================
*                            Design Summary                             *
=========================================================================

Top Level Output File Name         : design.ngc

Primitive and Black Box Usage:
------------------------------
# BELS                             : 119
#      GND                         : 1
#      INV                         : 3
#      LUT1                        : 20
#      LUT2                        : 6
#      LUT3                        : 13
#      LUT4                        : 13
#      LUT5                        : 4
#      LUT6                        : 12
#      MUXCY                       : 22
#      VCC                         : 1
#      XORCY                       : 24
# FlipFlops/Latches                : 22
#      FD                          : 10
#      FDR                         : 2
#      FDRE                        : 10
# RAMS                             : 2
#      RAMB16BWER                  : 2
# Clock Buffers                    : 1
#      BUFGP                       : 1
# IO Buffers                       : 11
#      IBUF                        : 1
#      OBUF                        : 10

Device utilization summary:
---------------------------

Selected Device : 6slx16csg324-3 


Slice Logic Utilization: 
 Number of Slice Registers:              22  out of  18224     0%  
 Number of Slice LUTs:                   71  out of   9112     0%  
    Number used as Logic:                71  out of   9112     0%  

Slice Logic Distribution: 
 Number of LUT Flip Flop pairs used:     71
   Number with an unused Flip Flop:      49  out of     71    69%  
   Number with an unused LUT:             0  out of     71     0%  
   Number of fully used LUT-FF pairs:    22  out of     71    30%  
   Number of unique control sets:         3

IO Utilization: 
 Number of IOs:                          12
 Number of bonded IOBs:                  12  out of    232     5%  

Specific Feature Utilization:
 Number of Block RAM/FIFO:                2  out of     32     6%  
    Number using Block RAM only:          2
 Number of BUFG/BUFGCTRLs:                1  out of     16     6%  

---------------------------
Partition Resource Summary:
---------------------------

  No Partitions were found in this design.

---------------------------


=========================================================================
Timing Report

NOTE: THESE TIMING NUMBERS ARE ONLY A SYNTHESIS ESTIMATE.
      FOR ACCURATE TIMING INFORMATION PLEASE REFER TO THE TRACE REPORT
      GENERATED AFTER PLACE-and-ROUTE.

Clock Information:
------------------
-----------------------------------+------------------------+-------+
Clock Signal                       | Clock buffer(FF name)  | Load  |
-----------------------------------+------------------------+-------+
clk                                | BUFGP                  | 24    |
-----------------------------------+------------------------+-------+

Asynchronous Control Signals Information:
----------------------------------------
No asynchronous control signals found in this design

Timing Summary:
---------------
Speed Grade: -3

   Minimum period: 4.335ns (Maximum Frequency: 230.694MHz)
   Minimum input arrival time before clock: 2.268ns
   Maximum output required time after clock: 7.187ns
   Maximum combinational path delay: No path found

Timing Details:
---------------
All values displayed in nanoseconds (ns)

=========================================================================
Timing constraint: Default period analysis for Clock 'clk'
  Clock period: 4.335ns (frequency: 230.694MHz)
  Total number of paths / destination ports: 775 / 64
-------------------------------------------------------------------------
Delay:               4.335ns (Levels of Logic = 4)
  Source:            U2/Ypixel_7 (FF)
  Destination:       U1/Mram_pictMem (RAM)
  Source Clock:      clk rising
  Destination Clock: clk rising

  Data Path: U2/Ypixel_7 to U1/Mram_pictMem
                                Gate     Net
    Cell:in->out      fanout   Delay   Delay  Logical Name (Net Name)
    ----------------------------------------  ------------
     FDRE:C->Q             7   0.447   0.878  U2/Ypixel_7 (U2/Ypixel_7)
     LUT2:I0->O            1   0.203   0.000  U2/Maddsub_PWR_6_o_Ypixel[8]_MuLt_26_OUT_Madd1_lut<4> (U2/Maddsub_PWR_6_o_Ypixel[8]_MuLt_26_OUT_Madd1_lut<4>)
     XORCY:LI->O           2   0.136   0.617  U2/Maddsub_PWR_6_o_Ypixel[8]_MuLt_26_OUT_Madd1_xor<4> (U2/Maddsub_PWR_6_o_Ypixel[8]_MuLt_26_OUT_4)
     LUT6:I5->O            5   0.205   0.715  U2/Maddsub_PWR_6_o_Ypixel[8]_MuLt_26_OUT_Madd_cy<4>11 (U2/Maddsub_PWR_6_o_Ypixel[8]_MuLt_26_OUT_Madd_cy<4>)
     LUT5:I4->O            1   0.205   0.579  U2/Maddsub_PWR_6_o_Ypixel[8]_MuLt_26_OUT_Madd_xor<8>11 (addr2_s<8>)
     RAMB16BWER:ADDRB11        0.350          U1/Mram_pictMem
    ----------------------------------------
    Total                      4.335ns (1.546ns logic, 2.789ns route)
                                       (35.7% logic, 64.3% route)

=========================================================================
Timing constraint: Default OFFSET IN BEFORE for Clock 'clk'
  Total number of paths / destination ports: 2 / 2
-------------------------------------------------------------------------
Offset:              2.268ns (Levels of Logic = 1)
  Source:            rst (PAD)
  Destination:       U2/ClkDiv_1 (FF)
  Destination Clock: clk rising

  Data Path: rst to U2/ClkDiv_1
                                Gate     Net
    Cell:in->out      fanout   Delay   Delay  Logical Name (Net Name)
    ----------------------------------------  ------------
     IBUF:I->O             2   1.222   0.616  rst_IBUF (rst_IBUF)
     FDR:R                     0.430          U2/ClkDiv_0
    ----------------------------------------
    Total                      2.268ns (1.652ns logic, 0.616ns route)
                                       (72.8% logic, 27.2% route)

=========================================================================
Timing constraint: Default OFFSET OUT AFTER for Clock 'clk'
  Total number of paths / destination ports: 34 / 10
-------------------------------------------------------------------------
Offset:              7.187ns (Levels of Logic = 4)
  Source:            U2/Xpixel_7 (FF)
  Destination:       Hsync (PAD)
  Source Clock:      clk rising

  Data Path: U2/Xpixel_7 to Hsync
                                Gate     Net
    Cell:in->out      fanout   Delay   Delay  Logical Name (Net Name)
    ----------------------------------------  ------------
     FD:C->Q              11   0.447   1.247  U2/Xpixel_7 (U2/Xpixel_7)
     LUT6:I0->O            1   0.203   0.924  U2/Hsync2 (U2/Hsync1)
     LUT6:I1->O            1   0.203   0.808  U2/Hsync3 (U2/Hsync2)
     LUT3:I0->O            1   0.205   0.579  U2/Hsync4 (Hsync_OBUF)
     OBUF:I->O                 2.571          Hsync_OBUF (Hsync)
    ----------------------------------------
    Total                      7.187ns (3.629ns logic, 3.558ns route)
                                       (50.5% logic, 49.5% route)

=========================================================================

Cross Clock Domains Report:
--------------------------

Clock to Setup on destination clock clk
---------------+---------+---------+---------+---------+
               | Src:Rise| Src:Fall| Src:Rise| Src:Fall|
Source Clock   |Dest:Rise|Dest:Rise|Dest:Fall|Dest:Fall|
---------------+---------+---------+---------+---------+
clk            |    4.335|         |         |         |
---------------+---------+---------+---------+---------+

=========================================================================


Total REAL time to Xst completion: 4.00 secs
Total CPU time to Xst completion: 3.97 secs
 
--> 


Total memory usage is 460372 kilobytes

Number of errors   :    0 (   0 filtered)
Number of warnings :    3 (   0 filtered)
Number of infos    :    3 (   0 filtered)

